{
  "TestCollection": [
    {
      "_id": {
        "$oid": "55f92b343944ec3f14a94459"
      },
      "emails": [
        "$anyString()",
        "second@email.com"
      ],
      "firstName": "firstName"
    }
  ]
}


