{
  "Account": [
    {
      "_id": {"$oid":"55f92b343944ec3f14a94459"},
      "email": "$anyString()",
      "firstName": "firstName",
      "secondName": "secondName",
      "registrationDate": 0,
      "confirmed": false
    }
  ]
}


