{
  "Vocabulary": [
    {
      "_id": {
        "$oid": "55f3ed00b1375a48e61830bf"
      },
      "complexObj": "$anyObject(3)"
    }
  ]
}